<html>
<body>
<pre>
<h1>µVision Build Log</h1>
<h2>Tool Versions:</h2>
IDE-Version: ¦ÌVision V5.22.0.0
Copyright (C) 2016 ARM Ltd and ARM Germany GmbH. All rights reserved.
License Information: SAD richy, ASD, LIC=----
 
Tool Versions:
Toolchain:       MDK-Lite  Version: 5.22
Toolchain Path:  D:\Keil_v5\ARM\ARMCC\Bin
C Compiler:      Armcc.exe V5.06 update 4 (build 422)
Assembler:       Armasm.exe V5.06 update 4 (build 422)
Linker/Locator:  ArmLink.exe V5.06 update 4 (build 422)
Library Manager: ArmAr.exe V5.06 update 4 (build 422)
Hex Converter:   FromElf.exe V5.06 update 4 (build 422)
CPU DLL:         SARMCM3.DLL V5.22
Dialog DLL:      DCM.DLL V1.13.9.0
Target DLL:      STLink\ST-LINKIII-KEIL_SWO.dll V2.0.18.0
Dialog DLL:      TCM.DLL V1.21.0.0
 
<h2>Project:</h2>
E:\workplace\DS18B20\MDK-ARM\DS18B20.uvprojx
Project File Date:  04/06/2020

<h2>Output:</h2>
*** Using Compiler 'V5.06 update 4 (build 422)', folder: 'D:\Keil_v5\ARM\ARMCC\Bin'
Rebuild target 'DS18B20'
assembling startup_stm32f103xb.s...
compiling main.c...
compiling usart.c...
compiling gpio.c...
compiling stm32f1xx_it.c...
compiling stm32f1xx_hal_msp.c...
compiling DS18B20ForStm32.c...
..\Src\DS18B20ForStm32.c(59): warning:  #188-D: enumerated type mixed with another type
  	HAL_GPIO_WritePin (
S18B20_DQ_PORT, 
S18B20_DQ_PIN, 0);
..\Src\DS18B20ForStm32.c(85): warning:  #188-D: enumerated type mixed with another type
  			HAL_GPIO_WritePin (
S18B20_DQ_PORT, 
S18B20_DQ_PIN, 0);
..\Src\DS18B20ForStm32.c(93): warning:  #188-D: enumerated type mixed with another type
  			HAL_GPIO_WritePin (
S18B20_DQ_PORT, 
S18B20_DQ_PIN, 0);
..\Src\DS18B20ForStm32.c(109): warning:  #188-D: enumerated type mixed with another type
  		HAL_GPIO_WritePin (
S18B20_DQ_PORT, 
S18B20_DQ_PIN, 0);
..\Src\DS18B20ForStm32.c(146): warning:  #1-D: last line of file ends without a newline
  }
..\Src\DS18B20ForStm32.c: 5 warnings, 0 errors
compiling stm32f1xx_hal_tim.c...
compiling stm32f1xx_hal_tim_ex.c...
compiling stm32f1xx_hal_gpio_ex.c...
compiling stm32f1xx_hal.c...
compiling stm32f1xx_hal_uart.c...
compiling stm32f1xx_hal_rcc.c...
compiling stm32f1xx_hal_rcc_ex.c...
compiling stm32f1xx_hal_gpio.c...
compiling stm32f1xx_hal_dma.c...
compiling stm32f1xx_hal_cortex.c...
compiling stm32f1xx_hal_flash.c...
compiling stm32f1xx_hal_pwr.c...
compiling system_stm32f1xx.c...
compiling stm32f1xx_hal_flash_ex.c...
linking...
Program Size: Code=7932 RO-data=292 RW-data=20 ZI-data=1108  
FromELF: creating hex file...
"DS18B20\DS18B20.axf" - 0 Error(s), 5 Warning(s).

<h2>Software Packages used:</h2>

Package Vendor: ARM
                http://www.keil.com/pack/ARM.CMSIS.5.0.0.pack
                ARM::CMSIS:CORE:5.0.0
                CMSIS (Cortex Microcontroller Software Interface Standard)
   * Component: CORE Version: 5.0.0

<h2>Collection of Component include folders:</h2>
  E:\workplace\DS18B20\MDK-ARM\RTE\_DS18B20
  D:\Keil_v5\ARM\PACK\ARM\CMSIS\5.0.0\CMSIS\Include
  D:\Keil_v5\ARM\PACK\Keil\STM32F1xx_DFP\2.3.0\Device\Include

<h2>Collection of Component Files used:</h2>

   * Component: ARM::CMSIS:CORE:5.0.0
Build Time Elapsed:  00:00:19
</pre>
</body>
</html>
